// Jest Snapshot v1, https://goo.gl/fbAQLP

exports[`ResetPassForm renders without crashing 1`] = `
<form
  onSubmit={[Function]}
>
  <label
    htmlFor="old_password"
  >
    Old Password
  </label>
  <input
    className="form-control "
    name="old_password"
    onChange={[Function]}
    required={true}
    type="password"
    value=""
  />
  <br />
  <label
    htmlFor="new_password"
  >
    New Password
  </label>
  <input
    className="form-control "
    name="new_password"
    onChange={[Function]}
    required={true}
    type="password"
    value=""
  />
  <br />
  <label
    htmlFor="confirm_password"
  >
    Confirm Password
  </label>
  <input
    className="form-control "
    name="confirm_password"
    onChange={[Function]}
    type="password"
    value=""
  />
  <br />
  <br />
  <button
    className="btn btn-primary"
    type="submit"
  >
    Reset Password
  </button>
</form>
`;
